  my.project.cpp
C:\Users\HP\source\repos\my.project\my.project\clsString.h(40,25): warning C4267: 'return': conversion from 'size_t' to 'short', possible loss of data
  (compiling source file 'my.project.cpp')
  
C:\Users\HP\source\repos\my.project\my.project\clsString.h(45,29): warning C4267: 'return': conversion from 'size_t' to 'short', possible loss of data
  (compiling source file 'my.project.cpp')
  
C:\Users\HP\source\repos\my.project\my.project\clsString.h(57,30): warning C4267: '=': conversion from 'size_t' to 'short', possible loss of data
  (compiling source file 'my.project.cpp')
  
C:\Users\HP\source\repos\my.project\my.project\clsString.h(194,29): warning C4267: 'return': conversion from 'size_t' to 'short', possible loss of data
  (compiling source file 'my.project.cpp')
  
C:\Users\HP\source\repos\my.project\my.project\clsString.h(325,30): warning C4267: '=': conversion from 'size_t' to 'short', possible loss of data
  (compiling source file 'my.project.cpp')
  
C:\Users\HP\source\repos\my.project\my.project\clsString.h(373,22): warning C4267: 'initializing': conversion from 'size_t' to 'short', possible loss of data
  (compiling source file 'my.project.cpp')
  
C:\Users\HP\source\repos\my.project\my.project\clsUtil.h(59,5): warning C4102: 'defualt': unreferenced label
  (compiling source file 'my.project.cpp')
  
C:\Users\HP\source\repos\my.project\my.project\clsUser.h(150,9): warning C4240: nonstandard extension used: access to 'clsUser::stLoginRegisterRecord' now defined to be 'public', previously it was defined to be 'private'
  (compiling source file 'my.project.cpp')
      C:\Users\HP\source\repos\my.project\my.project\clsUser.h(122,9):
      see declaration of 'clsUser::stLoginRegisterRecord'
  
C:\Users\HP\source\repos\my.project\my.project\clsBankClient.h(213,12): warning C4240: nonstandard extension used: access to 'clsBankClient::stTrnsferLogRecord' now defined to be 'public', previously it was defined to be 'private'
  (compiling source file 'my.project.cpp')
      C:\Users\HP\source\repos\my.project\my.project\clsBankClient.h(177,12):
      see declaration of 'clsBankClient::stTrnsferLogRecord'
  
C:\Users\HP\source\repos\my.project\my.project\clsBankClient.h(28,65): warning C4244: 'argument': conversion from 'double' to 'float', possible loss of data
  (compiling source file 'my.project.cpp')
  
C:\Users\HP\source\repos\my.project\my.project\clsBankClient.h(186,39): warning C4244: '=': conversion from 'double' to 'float', possible loss of data
  (compiling source file 'my.project.cpp')
  
C:\Users\HP\source\repos\my.project\my.project\clsBankClient.h(187,48): warning C4244: '=': conversion from 'double' to 'float', possible loss of data
  (compiling source file 'my.project.cpp')
  
C:\Users\HP\source\repos\my.project\my.project\clsBankClient.h(188,49): warning C4244: '=': conversion from 'double' to 'float', possible loss of data
  (compiling source file 'my.project.cpp')
  
C:\Users\HP\source\repos\my.project\my.project\clsBankClient.h(384,24): warning C4244: 'argument': conversion from 'double' to 'float', possible loss of data
  (compiling source file 'my.project.cpp')
  
C:\Users\HP\source\repos\my.project\my.project\clsBankClient.h(389,24): warning C4244: 'argument': conversion from 'double' to 'float', possible loss of data
  (compiling source file 'my.project.cpp')
  
C:\Users\HP\source\repos\my.project\my.project\clsAddNewClientScreen.h(30,66): warning C4244: 'argument': conversion from 'double' to 'float', possible loss of data
  (compiling source file 'my.project.cpp')
  
C:\Users\HP\source\repos\my.project\my.project\clsIUpdateClientScreen.h(30,66): warning C4244: 'argument': conversion from 'double' to 'float', possible loss of data
  (compiling source file 'my.project.cpp')
  
C:\Users\HP\source\repos\my.project\my.project\clsTrancferScreen.h(44,45): warning C4244: '=': conversion from 'double' to 'float', possible loss of data
  (compiling source file 'my.project.cpp')
  
C:\Users\HP\source\repos\my.project\my.project\clsTrancferScreen.h(49,44): warning C4244: '=': conversion from 'double' to 'float', possible loss of data
  (compiling source file 'my.project.cpp')
  
C:\Users\HP\source\repos\my.project\my.project\clsCurrency.h(23,35): warning C4244: 'argument': conversion from 'double' to 'float', possible loss of data
  (compiling source file 'my.project.cpp')
  
C:\Users\HP\source\repos\my.project\my.project\clsUpdateCurrency.h(18,52): warning C4244: '=': conversion from 'double' to 'float', possible loss of data
  (compiling source file 'my.project.cpp')
  
C:\Users\HP\source\repos\my.project\my.project\clsCurencyCalculaterScreen.h(49,45): warning C4244: '=': conversion from 'double' to 'float', possible loss of data
  (compiling source file 'my.project.cpp')
  
C:\Users\HP\source\repos\my.project\my.project\clsBankClient.h(346,1): warning C4715: 'clsBankClient::Save': not all control paths return a value
C:\Users\HP\source\repos\my.project\my.project\clsUser.h(304,1): warning C4715: 'clsUser::Save': not all control paths return a value
  my.project.vcxproj -> C:\Users\HP\source\repos\my.project\x64\Debug\my.project.exe
